// Jest Snapshot v1, https://goo.gl/fbAQLP

exports[`SignInForm integration tests renders correctly 1`] = `null`;
